// Jest Snapshot v1, https://goo.gl/fbAQLP

exports[`renders correctly with no pets 1`] = `
<div
  id="pokemon-list-wrapper"
>
  <div
    id="search-bar"
  >
    <label>
      Name:
    </label>
    <input
      id="search-field"
      onChange={[Function]}
    />
  </div>
  <div
    id="sorter"
  >
    <div
      className="stat"
    />
    <div
      className="stat"
    >
      #
    </div>
    <div
      className="stat"
    >
      Name
    </div>
    <div
      className="stat"
    >
      Type
    </div>
    <div
      className="stat"
    >
      HP
    </div>
    <div
      className="stat"
    >
      Attack
    </div>
    <div
      className="stat"
    >
      Defense
    </div>
    <div
      className="stat"
    >
      Sp. Atk
    </div>
    <div
      className="stat"
    >
      Sp. Def
    </div>
    <div
      className="stat"
    >
      Speed
    </div>
  </div>
  <div
    className=""
    id="pokemon-list"
  />
  <div
    className=""
    data-testid="pokemonDetailView"
    id="pokemon-detail"
  >
    <div
      data-testid="closeButton"
      id="close-button"
      onClick={[Function]}
    />
    <div
      id="pokemon-name"
    >
      
    </div>
    <img
      id="pokemon-pic"
      src=""
    />
    <div
      className="stats-title"
    >
      Pokédex data
    </div>
    <div
      className="stat-row"
    >
      <div
        className="stat-label"
      >
        National № 
      </div>
      <div
        className="stat"
      >
        000
      </div>
    </div>
    <div
      className="stat-row"
    >
      <div
        className="stat-label"
      >
        Type
      </div>
      <div
        className="stat"
      />
    </div>
    <div
      className="stat-row"
    >
      <div
        className="stat-label"
      >
        Height 
      </div>
      <div
        className="stat"
      >
        0 m
      </div>
    </div>
    <div
      className="stat-row"
    >
      <div
        className="stat-label"
      >
        Weight 
      </div>
      <div
        className="stat"
      >
        0 kg
      </div>
    </div>
    <div
      className="stat-row"
    >
      <div
        className="stat-label"
      >
        Abilities 
      </div>
      <div
        className="stat"
      />
    </div>
    <div
      className="stats-title"
    >
      <div
        className="stat-label"
      >
        Base stats
      </div>
    </div>
    <div
      className="stat-row"
    >
      <div
        className="stat-label"
      >
        HP 
      </div>
      <div
        className="stat"
      >
        0
      </div>
      <div
        className="stat-bar"
      >
        <div
          className="stat-bar-value"
          style={
            {
              "width": "0%",
            }
          }
        />
      </div>
    </div>
    <div
      className="stat-row"
    >
      <div
        className="stat-label"
      >
        Attack 
      </div>
      <div
        className="stat"
      >
        0
      </div>
      <div
        className="stat-bar"
      >
        <div
          className="stat-bar-value"
          style={
            {
              "width": "0%",
            }
          }
        />
      </div>
    </div>
    <div
      className="stat-row"
    >
      <div
        className="stat-label"
      >
        Defense
      </div>
       
      <div
        className="stat"
      >
        0
      </div>
      <div
        className="stat-bar"
      >
        <div
          className="stat-bar-value"
          style={
            {
              "width": "0%",
            }
          }
        />
      </div>
    </div>
    <div
      className="stat-row"
    >
      <div
        className="stat-label"
      >
        Sp. Attack
      </div>
      <div
        className="stat"
      >
        0
      </div>
      <div
        className="stat-bar"
      >
        <div
          className="stat-bar-value"
          style={
            {
              "width": "0%",
            }
          }
        />
      </div>
    </div>
    <div
      className="stat-row"
    >
      <div
        className="stat-label"
      >
        Sp. Def 
      </div>
      <div
        className="stat"
      >
        0
      </div>
      <div
        className="stat-bar"
      >
        <div
          className="stat-bar-value"
          style={
            {
              "width": "0%",
            }
          }
        />
      </div>
    </div>
    <div
      className="stat-row"
    >
      <div
        className="stat-label"
      >
        Speed 
      </div>
      <div
        className="stat"
      >
        0
      </div>
      <div
        className="stat-bar"
      >
        <div
          className="stat-bar-value"
          style={
            {
              "width": "0%",
            }
          }
        />
      </div>
    </div>
  </div>
</div>
`;

exports[`renders correctly with some pets 1`] = `
<div
  id="pokemon-list-wrapper"
>
  <Search
    searchPokemon={[Function]}
  />
  <div
    id="sorter"
  >
    <div
      className="stat"
    />
    <div
      className="stat"
    >
      #
    </div>
    <div
      className="stat"
    >
      Name
    </div>
    <div
      className="stat"
    >
      Type
    </div>
    <div
      className="stat"
    >
      HP
    </div>
    <div
      className="stat"
    >
      Attack
    </div>
    <div
      className="stat"
    >
      Defense
    </div>
    <div
      className="stat"
    >
      Sp. Atk
    </div>
    <div
      className="stat"
    >
      Sp. Def
    </div>
    <div
      className="stat"
    >
      Speed
    </div>
  </div>
  <div
    className=""
    id="pokemon-list"
  />
  <PokemonDetail
    currentPokemon={null}
    hidePokemonDetail={[Function]}
    showingPokemonDetail={false}
  />
</div>
`;
